// Jest Snapshot v1, https://goo.gl/fbAQLP

exports[`renders App component 1`] = `
<div
  class="w-full flex flex-col h-screen bg-gradient-to-b from-gray-100 to-gray-300 p-10"
>
  <div
    class="flex"
  >
    <h1
      class="bg-gray-100 text-black font-bold py-2 px-4 rounded"
    >
      Flight Mission Control
    </h1>
    <button
      class="bg-gray-200 hover:bg-gray-300 text-black font-bold py-2 px-4 rounded ml-auto"
    >
      Add Mission Control
    </button>
  </div>
  <div
    class="flex flex-col items-center justify-center h-screen"
  >
    <h1
      class="text-2xl font-bold mb-4"
    >
      Request is processing!
    </h1>
  </div>
  <div
    class="Toastify"
  />
</div>
`;
